16:30:30 - INFO - 从数据库读取股票 (任务类型: custom)...
16:30:30 - INFO - 日期: 2026-02-10, 股票数量: 435, 并发: 3, 类型: custom
16:30:30 - INFO - Starting Multi-Short Sentiment Scan...
16:30:30 - INFO - 开始扫描 435 只股票, 并发: 3
16:54:09 - INFO - Sentiment Data Saved: 285 records

============================================================
------------------------------------------------------------
Code       | Bull %     | Bear %     | Result     | Time(s) 
------------------------------------------------------------
000001     | 48.09%     | 51.91%     | OK         | 8.23    
000009     | 53.62%     | 46.38%     | OK         | 11.25   
000011     | 78.49%     | 21.51%     | OK         | 7.85    
000012     | 68.86%     | 31.14%     | OK         | 0.41    
000021     | 54.51%     | 45.49%     | OK         | 0.31    
000025     | 51.78%     | 48.22%     | OK         | 0.36    
000029     | 62.16%     | 37.84%     | OK         | 0.36    
000039     | 60.68%     | 39.32%     | OK         | 0.49    
000049     | 54.56%     | 45.44%     | OK         | 0.57    
000066     | 53.08%     | 46.92%     | OK         | 60.33   
000078     | 52.61%     | 47.39%     | OK         | 0.43    
000156     | 79.15%     | 20.85%     | OK         | 0.40    
000410     | 46.68%     | 53.32%     | OK         | 0.34    
000513     | 51.6%      | 48.4%      | OK         | 0.47    
000519     | 45.92%     | 54.08%     | OK         | 60.17   
000526     | 33.38%     | 66.62%     | OK         | 0.71    
000528     | 57.32%     | 42.68%     | OK         | 0.36    
000529     | 59.33%     | 40.67%     | OK         | 60.38   
000555     | 57.64%     | 42.36%     | OK         | 0.34    
000568     | 51.2%      | 48.8%      | OK         | 0.29    
000596     | 27.33%     | 72.67%     | OK         | 0.30    
000628     | 46.46%     | 53.54%     | OK         | 0.42    
000650     | 49.33%     | 50.67%     | OK         | 0.28    
000661     | 48.11%     | 51.89%     | OK         | 0.29    
000686     | 44.95%     | 55.05%     | OK         | 0.33    
000700     | 56.62%     | 43.38%     | OK         | 0.41    
000723     | 59.91%     | 40.09%     | OK         | 0.31    
000733     | 53.07%     | 46.93%     | OK         | 0.42    
000735     | 54.6%      | 45.4%      | OK         | 0.32    
000738     | 78.46%     | 21.54%     | OK         | 0.43    
000739     | 52.5%      | 47.5%      | OK         | 0.41    
000777     | 52.49%     | 47.51%     | OK         | 1.21    
000782     | 52.5%      | 47.5%      | OK         | 0.72    
000791     | 29.51%     | 70.49%     | OK         | 0.29    
000799     | 60.57%     | 39.43%     | OK         | 0.23    
000810     | 49.68%     | 50.32%     | OK         | 0.53    
000816     | 53.37%     | 46.63%     | OK         | 0.33    
000821     | 69.61%     | 30.39%     | OK         | 0.29    
000831     | 78.22%     | 21.78%     | OK         | 0.28    
000839     | 74.97%     | 25.03%     | OK         | 0.23    
000858     | 57.7%      | 42.3%      | OK         | 0.39    
000868     | 44.8%      | 55.2%      | OK         | 0.28    
000905     | 45.68%     | 54.32%     | OK         | 0.54    
000932     | 71.4%      | 28.6%      | OK         | 0.53    
000963     | 22.47%     | 77.53%     | OK         | 0.36    
000980     | 54.75%     | 45.25%     | OK         | 0.27    
001259     | 61.36%     | 38.64%     | OK         | 1.19    
001299     | 60.8%      | 39.2%      | OK         | 1.23    
001337     | 70.01%     | 29.99%     | OK         | 0.30    
001914     | 57.2%      | 42.8%      | OK         | 0.36    
002006     | 50.27%     | 49.73%     | OK         | 0.27    
002007     | 72.28%     | 27.72%     | OK         | 0.37    
002008     | 62.9%      | 37.1%      | OK         | 0.39    
002014     | 66.36%     | 33.64%     | OK         | 0.43    
002023     | 47.42%     | 52.58%     | OK         | 0.38    
002035     | 56.77%     | 43.23%     | OK         | 0.36    
002037     | 47.19%     | 52.81%     | OK         | 0.54    
002043     | 68.48%     | 31.52%     | OK         | 0.29    
002049     | 54.31%     | 45.69%     | OK         | 2.37    
002067     | 49.42%     | 50.58%     | OK         | 2.00    
002074     | 49.56%     | 50.44%     | OK         | 0.29    
002081     | 59.11%     | 40.89%     | OK         | 0.38    
002086     | 52.47%     | 47.53%     | OK         | 0.30    
002095     | 51.03%     | 48.97%     | OK         | 0.41    
002104     | 28.1%      | 71.9%      | OK         | 0.34    
002112     | 58.11%     | 41.89%     | OK         | 0.26    
002120     | 59.53%     | 40.47%     | OK         | 2.42    
002127     | 49.15%     | 50.85%     | OK         | 2.40    
002128     | 46.36%     | 53.64%     | OK         | 1.30    
002130     | 51.8%      | 48.2%      | OK         | 1.31    
002131     | 57.7%      | 42.3%      | OK         | 1.35    
002153     | 31.17%     | 68.83%     | OK         | 0.40    
002160     | 44.9%      | 55.1%      | OK         | 0.53    
002163     | 51.19%     | 48.81%     | OK         | 1.32    
002167     | 46.5%      | 53.5%      | OK         | 0.41    
002169     | 57.51%     | 42.49%     | OK         | 0.29    
002183     | 45.59%     | 54.41%     | OK         | 1.34    
002185     | 71.02%     | 28.98%     | OK         | 1.32    
002190     | 48.48%     | 51.52%     | OK         | 0.32    
002195     | 59.85%     | 40.15%     | OK         | 0.46    
002204     | 53.8%      | 46.2%      | OK         | 0.36    
002218     | 75.69%     | 24.31%     | OK         | 0.31    
002223     | 53.94%     | 46.06%     | OK         | 0.29    
002233     | 61.84%     | 38.16%     | OK         | 0.55    
002236     | 55.67%     | 44.33%     | OK         | 0.35    
002237     | 77.21%     | 22.79%     | OK         | 0.30    
002239     | 58.37%     | 41.63%     | OK         | 0.29    
002272     | 74.77%     | 25.23%     | OK         | 1.33    
002276     | 48.88%     | 51.12%     | OK         | 0.34    
002291     | 70.36%     | 29.64%     | OK         | 0.39    
002292     | 67.19%     | 32.81%     | OK         | 0.33    
002294     | 52.44%     | 47.56%     | OK         | 0.33    
002306     | 53.47%     | 46.53%     | OK         | 0.43    
002320     | 56.25%     | 43.75%     | OK         | 0.37    
002326     | 56.31%     | 43.69%     | OK         | 5.62    
002328     | 55.35%     | 44.65%     | OK         | 0.37    
002343     | 74.1%      | 25.9%      | OK         | 0.29    
002347     | 46.51%     | 53.49%     | OK         | 0.40    
002353     | 69.42%     | 30.58%     | OK         | 0.34    
002355     | 60.28%     | 39.72%     | OK         | 3.52    
002358     | 79.13%     | 20.87%     | OK         | 3.48    
002369     | 55.41%     | 44.59%     | OK         | 1.40    
002396     | 45.78%     | 54.22%     | OK         | 1.35    
002430     | 49.38%     | 50.62%     | OK         | 1.64    
002439     | 51.24%     | 48.76%     | OK         | 4.56    
002445     | 58.11%     | 41.89%     | OK         | 6.74    
002448     | 71.32%     | 28.68%     | OK         | 4.61    
002458     | 71.26%     | 28.74%     | OK         | 1.63    
002460     | 49.61%     | 50.39%     | OK         | 1.35    
002466     | 50.59%     | 49.41%     | OK         | 4.54    
002475     | 49.24%     | 50.76%     | OK         | 1.64    
002497     | 76.24%     | 23.76%     | OK         | 4.57    
002530     | 51.7%      | 48.3%      | OK         | 4.60    
002545     | 63.54%     | 36.46%     | OK         | 1.35    
002548     | 73.89%     | 26.11%     | OK         | 1.34    
002549     | 55.04%     | 44.96%     | OK         | 3.53    
002555     | 54.61%     | 45.39%     | OK         | 1.35    
002559     | 48.06%     | 51.94%     | OK         | 3.52    
002572     | 51.45%     | 48.55%     | OK         | 4.56    
002573     | 74.91%     | 25.09%     | OK         | 1.62    
002600     | 57.55%     | 42.45%     | OK         | 1.38    
002601     | 60.55%     | 39.45%     | OK         | 4.56    
002602     | 29.49%     | 70.51%     | OK         | 3.52    
002628     | 67.22%     | 32.78%     | OK         | 1.36    
002629     | 52.14%     | 47.86%     | OK         | 4.58    
002646     | 68.96%     | 31.04%     | OK         | 1.35    
002648     | 67.99%     | 32.01%     | OK         | 3.79    
002651     | 50.27%     | 49.73%     | OK         | 3.55    
002654     | 48.8%      | 51.2%      | OK         | 1.34    
002655     | 45.99%     | 54.01%     | OK         | 1.34    
002660     | 67.93%     | 32.07%     | OK         | 4.56    
002669     | 45.69%     | 54.31%     | OK         | 1.66    
002673     | 54.07%     | 45.93%     | OK         | 3.73    
002677     | 31.92%     | 68.08%     | OK         | 4.56    
002745     | 47.36%     | 52.64%     | OK         | 1.35    
002747     | 49.28%     | 50.72%     | OK         | 2.79    
002756     | 49.83%     | 50.17%     | OK         | 3.48    
002795     | 57.47%     | 42.53%     | OK         | 1.33    
002812     | 77.49%     | 22.51%     | OK         | 4.59    
002821     | 74.8%      | 25.2%      | OK         | 3.50    
002843     | 54.5%      | 45.5%      | OK         | 3.95    
002903     | 49.5%      | 50.5%      | OK         | 20.71   
002908     | 45.85%     | 54.15%     | OK         | 3.84    
002909     | 57.0%      | 43.0%      | OK         | 3.81    
002932     | 47.17%     | 52.83%     | OK         | 3.83    
002936     | 56.43%     | 43.57%     | OK         | 3.77    
002940     | 25.39%     | 74.61%     | OK         | 3.88    
002943     | 65.2%      | 34.8%      | OK         | 3.70    
002959     | 78.75%     | 21.25%     | OK         | 3.68    
002965     | 50.0%      | 50.0%      | OK         | 3.75    
002972     | 59.77%     | 40.23%     | OK         | 3.77    
002985     | 53.76%     | 46.24%     | OK         | 3.77    
003001     | 45.8%      | 54.2%      | OK         | 3.75    
003025     | 46.88%     | 53.12%     | OK         | 2.65    
300001     | 47.63%     | 52.37%     | OK         | 3.77    
300008     | 71.57%     | 28.43%     | OK         | 5.31    
300017     | 68.19%     | 31.81%     | OK         | 3.49    
300020     | 79.67%     | 20.33%     | OK         | 3.69    
300024     | 55.14%     | 44.86%     | OK         | 3.68    
300051     | 59.32%     | 40.68%     | OK         | 3.92    
300055     | 72.66%     | 27.34%     | OK         | 3.78    
300056     | 59.88%     | 40.12%     | OK         | 3.53    
300061     | 50.27%     | 49.73%     | OK         | 3.64    
300083     | 52.45%     | 47.55%     | OK         | 3.65    
300084     | 82.7%      | 17.3%      | OK         | 3.65    
300122     | 47.21%     | 52.79%     | OK         | 5.12    
300145     | 48.88%     | 51.12%     | OK         | 3.68    
300146     | 61.2%      | 38.8%      | OK         | 3.62    
300149     | 47.26%     | 52.74%     | OK         | 3.66    
300166     | 76.91%     | 23.09%     | OK         | 3.70    
300175     | 51.85%     | 48.15%     | OK         | 3.61    
300180     | 46.91%     | 53.09%     | OK         | 3.45    
300198     | 77.37%     | 22.63%     | OK         | 3.67    
300212     | 53.53%     | 46.47%     | OK         | 3.85    
300221     | 24.47%     | 75.53%     | OK         | 3.64    
300243     | 70.63%     | 29.37%     | OK         | 3.60    
300271     | -          | -          | Timeout    | 0.00    
300278     | -          | -          | Timeout    | 0.00    
300285     | -          | -          | Timeout    | 0.00    
300315     | 70.44%     | 29.56%     | OK         | 6.58    
300316     | 76.29%     | 23.71%     | OK         | 2.71    
300322     | -          | -          | Timeout    | 0.00    
300339     | 51.56%     | 48.44%     | OK         | 3.66    
300343     | 74.72%     | 25.28%     | OK         | 3.76    
300346     | -          | -          | Timeout    | 0.00    
300355     | 47.62%     | 52.38%     | OK         | 3.93    
300383     | 67.94%     | 32.06%     | OK         | 2.69    
300397     | -          | -          | Timeout    | 0.00    
300407     | 60.07%     | 39.93%     | OK         | 2.78    
300416     | 46.78%     | 53.22%     | OK         | 3.61    
300424     | -          | -          | Timeout    | 0.00    
300430     | 50.82%     | 49.18%     | OK         | 3.84    
300444     | -          | -          | Timeout    | 0.00    
300450     | 51.95%     | 48.05%     | OK         | 3.72    
300454     | 56.31%     | 43.69%     | OK         | 3.53    
300458     | -          | -          | Timeout    | 0.00    
300461     | 55.6%      | 44.4%      | OK         | 3.69    
300467     | -          | -          | Timeout    | 0.00    
300469     | -          | -          | Timeout    | 0.00    
300471     | -          | -          | Timeout    | 0.00    
300491     | -          | -          | Timeout    | 0.00    
300496     | 51.01%     | 48.99%     | OK         | 3.69    
300503     | -          | -          | Timeout    | 0.00    
300506     | -          | -          | Timeout    | 0.00    
300525     | 54.25%     | 45.75%     | OK         | 3.87    
300529     | -          | -          | Timeout    | 0.00    
300542     | -          | -          | Timeout    | 0.00    
300564     | -          | -          | Timeout    | 0.00    
300569     | -          | -          | Timeout    | 0.00    
300579     | -          | -          | Timeout    | 0.00    
300596     | 47.98%     | 52.02%     | OK         | 3.47    
300601     | -          | -          | Timeout    | 0.00    
300618     | 47.71%     | 52.29%     | OK         | 2.66    
300624     | -          | -          | Timeout    | 0.00    
300625     | 60.42%     | 39.58%     | OK         | 3.70    
300628     | 53.88%     | 46.12%     | OK         | 3.77    
300636     | -          | -          | Timeout    | 0.00    
300648     | 55.04%     | 44.96%     | OK         | 3.69    
300664     | 61.34%     | 38.66%     | OK         | 3.62    
300671     | 55.92%     | 44.08%     | OK         | 3.53    
300674     | 51.65%     | 48.35%     | OK         | 3.47    
300676     | -          | -          | Timeout    | 0.00    
300677     | -          | -          | Timeout    | 0.00    
300682     | -          | -          | Timeout    | 0.00    
300686     | 45.58%     | 54.42%     | OK         | 3.70    
300693     | 53.92%     | 46.08%     | OK         | 3.46    
300705     | -          | -          | Timeout    | 0.00    
300710     | -          | -          | Timeout    | 0.00    
300711     | -          | -          | Timeout    | 0.00    
300713     | -          | -          | Timeout    | 0.00    
300735     | -          | -          | Timeout    | 0.00    
300741     | -          | -          | Timeout    | 0.00    
300747     | -          | -          | Timeout    | 0.00    
300751     | -          | -          | Timeout    | 0.00    
300767     | 21.13%     | 78.87%     | OK         | 3.71    
300769     | -          | -          | Timeout    | 0.00    
300773     | -          | -          | Timeout    | 0.00    
300796     | 79.3%      | 20.7%      | OK         | 6.65    
300807     | -          | -          | Timeout    | 0.00    
300809     | 45.23%     | 54.77%     | OK         | 3.70    
300829     | 56.97%     | 43.03%     | OK         | 3.68    
300832     | 45.78%     | 54.22%     | OK         | 3.62    
300833     | 73.49%     | 26.51%     | OK         | 3.69    
300836     | -          | -          | Timeout    | 0.00    
300842     | -          | -          | Timeout    | 0.00    
300869     | 54.52%     | 45.48%     | OK         | 3.43    
300943     | 67.99%     | 32.01%     | OK         | 3.67    
300963     | -          | -          | Timeout    | 0.00    
300995     | -          | -          | Timeout    | 0.00    
301107     | -          | -          | Timeout    | 0.00    
301227     | -          | -          | Timeout    | 0.00    
301234     | -          | -          | Timeout    | 0.00    
301251     | 74.8%      | 25.2%      | OK         | 4.23    
301257     | -          | -          | Timeout    | 0.00    
301287     | -          | -          | Timeout    | 0.00    
301359     | -          | -          | Timeout    | 0.00    
301388     | -          | -          | Timeout    | 0.00    
301503     | 68.97%     | 31.03%     | OK         | 2.62    
301512     | 82.2%      | 17.8%      | OK         | 3.76    
301525     | 50.57%     | 49.43%     | OK         | 3.68    
600006     | 49.51%     | 50.49%     | OK         | 2.59    
600009     | -          | -          | Timeout    | 0.00    
600027     | 44.88%     | 55.12%     | OK         | 3.66    
600037     | -          | -          | Timeout    | 0.00    
600039     | 53.29%     | 46.71%     | OK         | 3.74    
600053     | -          | -          | Timeout    | 0.00    
600054     | -          | -          | Timeout    | 0.00    
600055     | -          | -          | Timeout    | 0.00    
600058     | 49.13%     | 50.87%     | OK         | 3.72    
600089     | -          | -          | Timeout    | 0.00    
600098     | -          | -          | Timeout    | 0.00    
600119     | -          | -          | Timeout    | 0.00    
600132     | -          | -          | Timeout    | 0.00    
600135     | -          | -          | Timeout    | 0.00    
600143     | -          | -          | Timeout    | 0.00    
600148     | -          | -          | Timeout    | 0.00    
600153     | -          | -          | Timeout    | 0.00    
600157     | -          | -          | Timeout    | 0.00    
600176     | 81.9%      | 18.1%      | OK         | 2.79    
600177     | 58.14%     | 41.86%     | OK         | 2.92    
600185     | -          | -          | Timeout    | 0.00    
600198     | -          | -          | Timeout    | 0.00    
600206     | 48.01%     | 51.99%     | OK         | 3.72    
600212     | 45.52%     | 54.48%     | OK         | 2.60    
600230     | 52.15%     | 47.85%     | OK         | 3.73    
600235     | -          | -          | Timeout    | 0.00    
600268     | -          | -          | Timeout    | 0.00    
600271     | 52.7%      | 47.3%      | OK         | 1.63    
600280     | 52.43%     | 47.57%     | OK         | 3.62    
600283     | -          | -          | Timeout    | 0.00    
600292     | -          | -          | Timeout    | 0.00    
600305     | -          | -          | Timeout    | 0.00    
600336     | 45.18%     | 54.82%     | OK         | 3.83    
600338     | -          | -          | Timeout    | 0.00    
600340     | 67.45%     | 32.55%     | OK         | 3.74    
600392     | -          | -          | Timeout    | 0.00    
600408     | 48.97%     | 51.03%     | OK         | 2.69    
600435     | 52.91%     | 47.09%     | OK         | 3.73    
600477     | 70.49%     | 29.51%     | OK         | 2.93    
600489     | -          | -          | Timeout    | 0.00    
600497     | -          | -          | Timeout    | 0.00    
600507     | -          | -          | Timeout    | 0.00    
600518     | 47.58%     | 52.42%     | OK         | 2.68    
600522     | -          | -          | Timeout    | 0.00    
600523     | -          | -          | Timeout    | 0.00    
600529     | -          | -          | Timeout    | 0.00    
600536     | -          | -          | Timeout    | 0.00    
600546     | 58.77%     | 41.23%     | OK         | 1.60    
600548     | -          | -          | Timeout    | 0.00    
600550     | -          | -          | Timeout    | 0.00    
600558     | 51.71%     | 48.29%     | OK         | 2.76    
600563     | 46.77%     | 53.23%     | OK         | 2.64    
600579     | 59.19%     | 40.81%     | OK         | 2.83    
600584     | 57.54%     | 42.46%     | OK         | 2.64    
600587     | 49.68%     | 50.32%     | OK         | 2.64    
600588     | -          | -          | Timeout    | 0.00    
600616     | 55.67%     | 44.33%     | OK         | 2.70    
600621     | -          | -          | Timeout    | 0.00    
600622     | 75.84%     | 24.16%     | OK         | 2.81    
600635     | -          | -          | Timeout    | 0.00    
600675     | 67.13%     | 32.87%     | OK         | 2.69    
600694     | 54.65%     | 45.35%     | OK         | 2.70    
600702     | 60.43%     | 39.57%     | OK         | 2.63    
600706     | 57.17%     | 42.83%     | OK         | 2.58    
600712     | 50.37%     | 49.63%     | OK         | 2.61    
600724     | 78.23%     | 21.77%     | OK         | 2.45    
600729     | -          | -          | Timeout    | 0.00    
600739     | 52.09%     | 47.91%     | OK         | 2.60    
600748     | -          | -          | Timeout    | 0.00    
600754     | -          | -          | Timeout    | 0.00    
600756     | -          | -          | Timeout    | 0.00    
600757     | -          | -          | Timeout    | 0.00    
600764     | 49.4%      | 50.6%      | OK         | 2.63    
600789     | -          | -          | Timeout    | 0.00    
600797     | 52.56%     | 47.44%     | OK         | 2.45    
600829     | -          | -          | Timeout    | 0.00    
600838     | 32.51%     | 67.49%     | OK         | 2.64    
600871     | -          | -          | Timeout    | 0.00    
600872     | -          | -          | Timeout    | 0.00    
600875     | 79.67%     | 20.33%     | OK         | 2.93    
600895     | -          | -          | Timeout    | 0.00    
600903     | -          | -          | Timeout    | 0.00    
600963     | -          | -          | Timeout    | 0.00    
600976     | -          | -          | Timeout    | 0.00    
600984     | -          | -          | Timeout    | 0.00    
600988     | -          | -          | Timeout    | 0.00    
601000     | -          | -          | Timeout    | 0.00    
601010     | 46.33%     | 53.67%     | OK         | 2.37    
601021     | -          | -          | Timeout    | 0.00    
601061     | -          | -          | Timeout    | 0.00    
601086     | -          | -          | Timeout    | 0.00    
601106     | -          | -          | Timeout    | 0.00    
601108     | -          | -          | Timeout    | 0.00    
601136     | 48.71%     | 51.29%     | OK         | 2.68    
601139     | -          | -          | Timeout    | 0.00    
601155     | -          | -          | Timeout    | 0.00    
601162     | -          | -          | Timeout    | 0.00    
601198     | 76.93%     | 23.07%     | OK         | 2.80    
601216     | -          | -          | Timeout    | 0.00    
601369     | 56.66%     | 43.34%     | OK         | 2.66    
601566     | -          | -          | Timeout    | 0.00    
601608     | 65.62%     | 34.38%     | OK         | 2.76    
601665     | -          | -          | Timeout    | 0.00    
601669     | -          | -          | Timeout    | 0.00    
601702     | 50.25%     | 49.75%     | OK         | 2.64    
601778     | -          | -          | Timeout    | 0.00    
601788     | 53.42%     | 46.58%     | OK         | 2.64    
601877     | 50.7%      | 49.3%      | OK         | 2.99    
601890     | -          | -          | Timeout    | 0.00    
601916     | -          | -          | Timeout    | 0.00    
601933     | 34.11%     | 65.89%     | OK         | 2.43    
601975     | 69.58%     | 30.42%     | OK         | 3.48    
601990     | 50.15%     | 49.85%     | OK         | 2.59    
603002     | 67.31%     | 32.69%     | OK         | 2.71    
603005     | -          | -          | Timeout    | 0.00    
603010     | 50.97%     | 49.03%     | OK         | 1.74    
603025     | 48.08%     | 51.92%     | OK         | 2.65    
603030     | 49.65%     | 50.35%     | OK         | 2.59    
603048     | -          | -          | Timeout    | 0.00    
603055     | -          | -          | Timeout    | 0.00    
603058     | -          | -          | Timeout    | 0.00    
603061     | 55.31%     | 44.69%     | OK         | 2.77    
603063     | -          | -          | Timeout    | 0.00    
603160     | 54.39%     | 45.61%     | OK         | 2.68    
603168     | -          | -          | Timeout    | 0.00    
603188     | -          | -          | Timeout    | 0.00    
603197     | 54.65%     | 45.35%     | OK         | 2.80    
603239     | -          | -          | Timeout    | 0.00    
603259     | -          | -          | Timeout    | 0.00    
603260     | -          | -          | Timeout    | 0.00    
603307     | 55.77%     | 44.23%     | OK         | 2.82    
603316     | -          | -          | Timeout    | 0.00    
603456     | -          | -          | Timeout    | 0.00    
603477     | -          | -          | Timeout    | 0.00    
603601     | 52.37%     | 47.63%     | OK         | 2.66    
603602     | -          | -          | Timeout    | 0.00    
603661     | 63.21%     | 36.79%     | OK         | 2.65    
603667     | -          | -          | Timeout    | 0.00    
603706     | -          | -          | Timeout    | 0.00    
603717     | 56.06%     | 43.94%     | OK         | 1.88    
603790     | -          | -          | Timeout    | 0.00    
603799     | -          | -          | Timeout    | 0.00    
603810     | -          | -          | Timeout    | 0.00    
603816     | -          | -          | Timeout    | 0.00    
603880     | 60.19%     | 39.81%     | OK         | 2.41    
603881     | -          | -          | Timeout    | 0.00    
603885     | 55.35%     | 44.65%     | OK         | 2.64    
603888     | 56.49%     | 43.51%     | OK         | 2.62    
603893     | -          | -          | Timeout    | 0.00    
603949     | 48.78%     | 51.22%     | OK         | 3.02    
603969     | -          | -          | Timeout    | 0.00    
603976     | 61.93%     | 38.07%     | OK         | 2.65    
603989     | -          | -          | Timeout    | 0.00    
605001     | -          | -          | Timeout    | 0.00    
605008     | 25.57%     | 74.43%     | OK         | 2.63    
605117     | -          | -          | Timeout    | 0.00    
605177     | 62.2%      | 37.8%      | OK         | 2.62    
688005     | -          | -          | Timeout    | 0.00    
688017     | -          | -          | Timeout    | 0.00    
688063     | -          | -          | Timeout    | 0.00    
688070     | -          | -          | Timeout    | 0.00    
688099     | -          | -          | Timeout    | 0.00    
688169     | 57.43%     | 42.57%     | OK         | 6.14    
688190     | 73.27%     | 26.73%     | OK         | 3.11    
688231     | -          | -          | Timeout    | 0.00    
688308     | -          | -          | Timeout    | 0.00    
688316     | 76.98%     | 23.02%     | OK         | 2.69    
688400     | 69.77%     | 30.23%     | OK         | 2.66    
688418     | 26.16%     | 73.84%     | OK         | 2.76    
688531     | 45.57%     | 54.43%     | OK         | 31.52   
688556     | -          | -          | Timeout    | 0.00    
688567     | 44.5%      | 55.5%      | OK         | 2.67    
688660     | -          | -          | Timeout    | 0.00    
688721     | 47.7%      | 52.3%      | OK         | 2.80    
689009     | -          | -          | Timeout    | 0.00    
------------------------------------------------------------
!!! 部分股票扫描失败 !!!
失败数量: 150
------------------------------------------------------------

============================================================
Execution Summary
------------------------------------------------------------
Total Stocks          : 435
Scanning Success      : 285
Data Saved            : 285
Total Execution Time  : 1419.51s
============================================================

